// Jest Snapshot v1, https://goo.gl/fbAQLP

exports[`submitTest does a close fit 1`] = `
Array [
  Object {
    "x": 4.5,
    "y": 100.01336417949835,
  },
  Object {
    "x": 12.5,
    "y": 49.97380179514486,
  },
  Object {
    "x": 20.5,
    "y": 0.1867018040750901,
  },
  Object {
    "x": 28.5,
    "y": 0,
  },
  Object {
    "x": 36.5,
    "y": 0,
  },
  Object {
    "x": 44.5,
    "y": 0,
  },
  Object {
    "x": 52.5,
    "y": 0,
  },
  Object {
    "x": 60.5,
    "y": 0,
  },
]
`;

exports[`submitTest does a wide fit 1`] = `
Array [
  Object {
    "x": 0,
    "y": 91.50888838490053,
  },
  Object {
    "x": 8,
    "y": 71.18059151666836,
  },
  Object {
    "x": 16,
    "y": 49.51650996554281,
  },
  Object {
    "x": 24,
    "y": 29.276699863153198,
  },
  Object {
    "x": 32,
    "y": 13.039761730563853,
  },
  Object {
    "x": 40,
    "y": 2.874320565607222,
  },
  Object {
    "x": 48,
    "y": 0,
  },
  Object {
    "x": 56,
    "y": 0,
  },
  Object {
    "x": 64,
    "y": 0,
  },
]
`;
