// Jest Snapshot v1, https://goo.gl/fbAQLP

exports[`CharacterTest renders 1`] = `
Array [
  <div
    className="TestCardStack"
  />,
  <div>
    Test status: 
    
  </div>,
  <div>
    <div>
      You know 
      -1
       汉字 ± 
      -1
    </div>
    <div>
      <svg
        height={120}
        width={1020}
      >
        <g />
        <g />
      </svg>
    </div>
  </div>,
]
`;
