// Jest Snapshot v1, https://goo.gl/fbAQLP

exports[`CardStackButtons renders 1`] = `
<div
  className="buttonContainer"
>
  <button
    className="button button undoButton"
    disabled={false}
    onClick={[Function]}
  >
    <span
      className="span span--medium undoIcon buttonIcon"
    >
      <undo.svg
        className="svg"
      />
    </span>
  </button>
  <button
    className="button button"
    onClick={[Function]}
  >
    <span
      className="span span--medium searchIcon buttonIcon"
    >
      <search.svg
        className="svg"
      />
    </span>
  </button>
</div>
`;
