// Jest Snapshot v1, https://goo.gl/fbAQLP

exports[`getCharacterSample returns simplified characters 1`] = `
Object {
  "binCount": 40,
  "characters": Array [
    Object {
      "range": Array [
        0,
        249,
      ],
      "sample": Array [
        Object {
          "cs": "明",
          "ct": "明",
          "d": "bright/opposite: dark 暗[an4]/(of meaning) clear/to understand/next/public or open/wise/generic term for a sacrifice to the gods/Ming Dynasty (1368-1644)/surname Ming/Ming (c. 2000 BC), fourth of the legendary Flame Emperors, 炎帝[Yan2 di4] descended from Shennong 神農|神农[Shen2 nong2] Farmer God",
          "i": 121,
          "p": "ming2/Ming2",
        },
        Object {
          "cs": "知",
          "ct": "知",
          "d": "to know/to be aware",
          "i": 123,
          "p": "zhi1",
        },
        Object {
          "cs": "论",
          "ct": "論",
          "d": "opinion/view/theory/doctrine/to discuss/to talk about/to regard/to consider/per/by the (kilometer, hour etc)/abbr. for 論語|论语[Lun2 yu3], The Analects (of Confucius)",
          "i": 205,
          "p": "lun4/Lun2",
        },
        Object {
          "cs": "为",
          "ct": "為",
          "d": "as (in the capacity of)/to take sth as/to act as/to serve as/to behave as/to become/to be/to do/by (in the passive voice)/because of/for/to/variant of 為|为[wei2]/as (i.e. in the capacity of)/to take sth as/to act as/to serve as/to behave as/to become/to be/to do/variant of 為|为[wei4], because of/for/to",
          "i": 18,
          "p": "wei2/wei4/wei2/wei4",
        },
        Object {
          "cs": "立",
          "ct": "立",
          "d": "to stand/to set up/to establish/to lay down/to draw up/at once/immediately/surname Li",
          "i": 197,
          "p": "li4/Li4",
        },
      ],
    },
    Object {
      "range": Array [
        249,
        498,
      ],
      "sample": Array [
        Object {
          "cs": "令",
          "ct": "令",
          "d": "see 脊令[ji2 ling2]/classifier for a ream of paper/to order/to command/an order/warrant/writ/to cause/to make sth happen/virtuous/honorific title/season/government position (old)/see 令狐[Ling2 hu2]",
          "i": 378,
          "p": "ling2/ling3/ling4/Ling2",
        },
        Object {
          "cs": "准",
          "ct": "准",
          "d": "to allow/to grant/in accordance with/in the light of",
          "i": 379,
          "p": "zhun3",
        },
        Object {
          "cs": "质",
          "ct": "質",
          "d": "character/nature/quality/plain/to pawn/pledge/hostage/to question/Taiwan pr. [zhi2]",
          "i": 404,
          "p": "zhi4",
        },
        Object {
          "cs": "轻",
          "ct": "輕",
          "d": "light/easy/gentle/soft/reckless/unimportant/frivolous/small in number/unstressed/neutral/to disparage",
          "i": 460,
          "p": "qing1",
        },
        Object {
          "cs": "似",
          "ct": "似",
          "d": "see 似的[shi4 de5]/to seem/to appear/to resemble/similar/-like/pseudo-/(more) than",
          "i": 431,
          "p": "shi4/si4",
        },
      ],
    },
    Object {
      "range": Array [
        498,
        747,
      ],
      "sample": Array [
        Object {
          "cs": "环",
          "ct": "環",
          "d": "ring/hoop/loop/(chain) link/classifier for scores in archery etc/to surround/to encircle/to hem in/surname Huan",
          "i": 681,
          "p": "huan2/Huan2",
        },
        Object {
          "cs": "云",
          "ct": "云",
          "d": "(classical) to say",
          "i": 692,
          "p": "yun2",
        },
        Object {
          "cs": "革",
          "ct": "革",
          "d": "animal hide/leather/to reform/to remove/to expel (from office)",
          "i": 521,
          "p": "ge2",
        },
        Object {
          "cs": "征",
          "ct": "征",
          "d": "journey/trip/expedition/to go on long campaign/to attack",
          "i": 739,
          "p": "zheng1",
        },
        Object {
          "cs": "男",
          "ct": "男",
          "d": "male/Baron, lowest of five orders of nobility 五等爵位[wu3 deng3 jue2 wei4]/CL:個|个[ge4]",
          "i": 602,
          "p": "nan2",
        },
      ],
    },
    Object {
      "range": Array [
        747,
        996,
      ],
      "sample": Array [
        Object {
          "cs": "左",
          "ct": "左",
          "d": "left/the Left (politics)/east/unorthodox/queer/wrong/differing/opposite/variant of 佐[zuo3]/surname Zuo",
          "i": 782,
          "p": "zuo3/Zuo3",
        },
        Object {
          "cs": "乡",
          "ct": "鄉",
          "d": "country or countryside/native place/home village or town/township (PRC administrative unit)",
          "i": 922,
          "p": "xiang1",
        },
        Object {
          "cs": "亡",
          "ct": "亡",
          "d": "to die/to lose/to be gone/to flee/deceased",
          "i": 957,
          "p": "wang2",
        },
        Object {
          "cs": "败",
          "ct": "敗",
          "d": "to defeat/to damage/to lose (to an opponent)/to fail/to wither",
          "i": 862,
          "p": "bai4",
        },
        Object {
          "cs": "铁",
          "ct": "鐵",
          "d": "iron (metal)/arms/weapons/hard/strong/violent/unshakeable/determined/close/tight (slang)/surname Tie",
          "i": 779,
          "p": "tie3/Tie3",
        },
      ],
    },
    Object {
      "range": Array [
        996,
        1245,
      ],
      "sample": Array [
        Object {
          "cs": "宽",
          "ct": "寬",
          "d": "lenient/wide/broad/surname Kuan",
          "i": 1155,
          "p": "kuan1/Kuan1",
        },
        Object {
          "cs": "齐",
          "ct": "齊",
          "d": "neat/even/level with/identical/simultaneous/all together/to even sth out/(name of states and dynasties at several different periods)/surname Qi",
          "i": 1063,
          "p": "qi2/Qi2",
        },
        Object {
          "cs": "丈",
          "ct": "丈",
          "d": "measure of length, ten Chinese feet (3.3 m)/to measure/husband/polite appellation for an older male",
          "i": 1242,
          "p": "zhang4",
        },
        Object {
          "cs": "彻",
          "ct": "徹",
          "d": "thorough/penetrating/to pervade/to pass through",
          "i": 1240,
          "p": "che4",
        },
        Object {
          "cs": "窗",
          "ct": "窗",
          "d": "shutter/window/CL:扇[shan4]",
          "i": 1074,
          "p": "chuang1",
        },
      ],
    },
    Object {
      "range": Array [
        1245,
        1494,
      ],
      "sample": Array [
        Object {
          "cs": "摄",
          "ct": "攝",
          "d": "to take in/to absorb/to assimilate/to act for/to take a photo/photo shoot/photo/to conserve (one's health)",
          "i": 1403,
          "p": "she4",
        },
        Object {
          "cs": "患",
          "ct": "患",
          "d": "to suffer (from illness)/to contract (a disease)/misfortune/trouble/danger/worry",
          "i": 1249,
          "p": "huan4",
        },
        Object {
          "cs": "冬",
          "ct": "冬",
          "d": "winter",
          "i": 1384,
          "p": "dong1",
        },
        Object {
          "cs": "尺",
          "ct": "尺",
          "d": "one of the characters used to represent a musical note in gongche notation, 工尺譜|工尺谱[gong1 che3 pu3]/a Chinese foot/one-third of a meter/a ruler/a tape-measure/one of the three acupoints for measuring pulse in Chinese medicine/CL:支[zhi1],把[ba3]",
          "i": 1474,
          "p": "che3/chi3",
        },
        Object {
          "cs": "奉",
          "ct": "奉",
          "d": "to offer (tribute)/to present respectfully (to superior, ancestor, deity etc)/to esteem/to revere/to believe in (a religion)/to wait upon/to accept orders (from superior)",
          "i": 1382,
          "p": "feng4",
        },
      ],
    },
    Object {
      "range": Array [
        1494,
        1743,
      ],
      "sample": Array [
        Object {
          "cs": "椅",
          "ct": "椅",
          "d": "chair",
          "i": 1663,
          "p": "yi3",
        },
        Object {
          "cs": "惨",
          "ct": "慘",
          "d": "miserable/wretched/cruel/inhuman/disastrous/tragic/dim/gloomy",
          "i": 1530,
          "p": "can3",
        },
        Object {
          "cs": "戈",
          "ct": "戈",
          "d": "dagger-axe/abbr. for 戈瑞[ge1 rui4]/(Tw) abbr. for 戈雷[ge1 lei2]/surname Ge",
          "i": 1695,
          "p": "ge1/Ge1",
        },
        Object {
          "cs": "邓",
          "ct": "鄧",
          "d": "surname Deng",
          "i": 1614,
          "p": "Deng4",
        },
        Object {
          "cs": "扣",
          "ct": "扣",
          "d": "to fasten/to button/button/buckle/knot/to arrest/to confiscate/to deduct (money)/discount/to knock/to smash, spike or dunk (a ball)/to cover (with a bowl etc)/fig. to tag a label on sb",
          "i": 1625,
          "p": "kou4",
        },
      ],
    },
    Object {
      "range": Array [
        1743,
        1992,
      ],
      "sample": Array [
        Object {
          "cs": "削",
          "ct": "削",
          "d": "to peel with a knife/to pare/to cut (a ball at tennis etc)/to pare/to reduce/to remove/Taiwan pr. [xue4]",
          "i": 1794,
          "p": "xiao1/xue1",
        },
        Object {
          "cs": "哀",
          "ct": "哀",
          "d": "sorrow/grief/pity/to grieve for/to pity/to lament/to condole/Ai (c. 2000 BC), sixth of legendary Flame Emperors 炎帝[Yan2 di4] descended from Shennong 神農|神农[Shen2 nong2] Farmer God, also known as Li 釐|厘[Li2]",
          "i": 1751,
          "p": "ai1/Ai1",
        },
        Object {
          "cs": "葛",
          "ct": "葛",
          "d": "kudzu (Pueraria lobata)/hemp cloth/surname Ge",
          "i": 1919,
          "p": "ge2/Ge3",
        },
        Object {
          "cs": "哼",
          "ct": "哼",
          "d": "to groan/to snort/to hum/to croon/humph!",
          "i": 1966,
          "p": "heng1",
        },
        Object {
          "cs": "丑",
          "ct": "丑",
          "d": "clown/2nd earthly branch: 1-3 a.m., 12th solar month (6th January to 3rd February), year of the Ox/ancient Chinese compass point: 30°/surname Chou",
          "i": 1901,
          "p": "chou3/Chou3",
        },
      ],
    },
    Object {
      "range": Array [
        1992,
        2241,
      ],
      "sample": Array [
        Object {
          "cs": "妮",
          "ct": "妮",
          "d": "girl/phonetic \\"ni\\" (in female names)/Taiwan pr. [ni2]",
          "i": 2124,
          "p": "ni1",
        },
        Object {
          "cs": "肺",
          "ct": "肺",
          "d": "lung/CL:個|个[ge4]",
          "i": 2044,
          "p": "fei4",
        },
        Object {
          "cs": "悠",
          "ct": "悠",
          "d": "long or drawn out/remote in time or space/leisurely/to swing/pensive/worried",
          "i": 2055,
          "p": "you1",
        },
        Object {
          "cs": "禧",
          "ct": "禧",
          "d": "joy",
          "i": 2085,
          "p": "xi3",
        },
        Object {
          "cs": "狮",
          "ct": "獅",
          "d": "lion",
          "i": 2211,
          "p": "shi1",
        },
      ],
    },
    Object {
      "range": Array [
        2241,
        2490,
      ],
      "sample": Array [
        Object {
          "cs": "搏",
          "ct": "搏",
          "d": "to fight/to combat/to seize/(of heart) to beat",
          "i": 2372,
          "p": "bo2",
        },
        Object {
          "cs": "媚",
          "ct": "媚",
          "d": "flatter/charm",
          "i": 2291,
          "p": "mei4",
        },
        Object {
          "cs": "夷",
          "ct": "夷",
          "d": "non-Han people, esp. to the East of China/barbarians/to wipe out/to exterminate/to tear down/to raze",
          "i": 2337,
          "p": "yi2",
        },
        Object {
          "cs": "颁",
          "ct": "頒",
          "d": "to promulgate/to send out/to issue/to grant or confer",
          "i": 2319,
          "p": "ban1",
        },
        Object {
          "cs": "膊",
          "ct": "膊",
          "d": "shoulder/upper arm",
          "i": 2440,
          "p": "bo2",
        },
      ],
    },
    Object {
      "range": Array [
        2490,
        2739,
      ],
      "sample": Array [
        Object {
          "cs": "桐",
          "ct": "桐",
          "d": "tree name (variously Paulownia, Firmiana or Aleurites)",
          "i": 2712,
          "p": "tong2",
        },
        Object {
          "cs": "淘",
          "ct": "淘",
          "d": "to wash/to clean out/to cleanse/to eliminate/to dredge",
          "i": 2499,
          "p": "tao2",
        },
        Object {
          "cs": "幢",
          "ct": "幢",
          "d": "banner/classifier for buildings/carriage curtain (old)",
          "i": 2566,
          "p": "chuang2/zhuang4",
        },
        Object {
          "cs": "凳",
          "ct": "凳",
          "d": "bench/stool",
          "i": 2680,
          "p": "deng4",
        },
        Object {
          "cs": "瑰",
          "ct": "瑰",
          "d": "(semiprecious stone)/extraordinary",
          "i": 2492,
          "p": "gui1",
        },
      ],
    },
    Object {
      "range": Array [
        2739,
        2988,
      ],
      "sample": Array [
        Object {
          "cs": "钙",
          "ct": "鈣",
          "d": "calcium (chemistry)",
          "i": 2951,
          "p": "gai4",
        },
        Object {
          "cs": "萎",
          "ct": "萎",
          "d": "to wither/to drop/to decline/spiritless/Taiwan pr. [wei1]",
          "i": 2757,
          "p": "wei3",
        },
        Object {
          "cs": "敷",
          "ct": "敷",
          "d": "to spread/to lay out/to apply (powder, ointment etc)/sufficient (to cover)/enough",
          "i": 2788,
          "p": "fu1",
        },
        Object {
          "cs": "鄂",
          "ct": "鄂",
          "d": "abbr. for Hubei Province 湖北省[Hu2 bei3 Sheng3] in central China/surname E",
          "i": 2946,
          "p": "E4",
        },
        Object {
          "cs": "聂",
          "ct": "聶",
          "d": "to whisper/surname Nie",
          "i": 2797,
          "p": "nie4/Nie4",
        },
      ],
    },
    Object {
      "range": Array [
        2988,
        3237,
      ],
      "sample": Array [
        Object {
          "cs": "瑛",
          "ct": "瑛",
          "d": "(crystal)/lustrous",
          "i": 2998,
          "p": "ying1",
        },
        Object {
          "cs": "淀",
          "ct": "淀",
          "d": "shallow water",
          "i": 3159,
          "p": "dian4",
        },
        Object {
          "cs": "谟",
          "ct": "謨",
          "d": "plan/to practice/old variant of 謨|谟[mo2]",
          "i": 3172,
          "p": "mo2/mo2",
        },
        Object {
          "cs": "巍",
          "ct": "巍",
          "d": "lofty/towering/Taiwan pr. [wei2]",
          "i": 3201,
          "p": "wei1",
        },
        Object {
          "cs": "炳",
          "ct": "炳",
          "d": "bright/brilliant/luminous",
          "i": 3227,
          "p": "bing3",
        },
      ],
    },
    Object {
      "range": Array [
        3237,
        3486,
      ],
      "sample": Array [
        Object {
          "cs": "漓",
          "ct": "漓",
          "d": "pattering (of rain)/seep through",
          "i": 3413,
          "p": "li2",
        },
        Object {
          "cs": "咏",
          "ct": "詠",
          "d": "to sing",
          "i": 3469,
          "p": "yong3",
        },
        Object {
          "cs": "氮",
          "ct": "氮",
          "d": "nitrogen (chemistry)",
          "i": 3482,
          "p": "dan4",
        },
        Object {
          "cs": "肛",
          "ct": "肛",
          "d": "anus",
          "i": 3394,
          "p": "gang1",
        },
        Object {
          "cs": "冕",
          "ct": "冕",
          "d": "crown in the form of a horizontal board with hanging decorations/imperial crown",
          "i": 3456,
          "p": "mian3",
        },
      ],
    },
    Object {
      "range": Array [
        3486,
        3735,
      ],
      "sample": Array [
        Object {
          "cs": "嗔",
          "ct": "嗔",
          "d": "to be angry at/to be displeased and annoyed",
          "i": 3546,
          "p": "chen1",
        },
        Object {
          "cs": "沥",
          "ct": "瀝",
          "d": "to drip/to strain or filter/a trickle",
          "i": 3598,
          "p": "li4",
        },
        Object {
          "cs": "匾",
          "ct": "匾",
          "d": "horizontal rectangular inscribed tablet hung over a door or on a wall/shallow round woven bamboo basket",
          "i": 3501,
          "p": "bian3",
        },
        Object {
          "cs": "湄",
          "ct": "湄",
          "d": "brink/edge",
          "i": 3639,
          "p": "mei2",
        },
        Object {
          "cs": "揍",
          "ct": "揍",
          "d": "to beat up/to break to pieces",
          "i": 3540,
          "p": "zou4",
        },
      ],
    },
    Object {
      "range": Array [
        3735,
        3984,
      ],
      "sample": Array [
        Object {
          "cs": "瓮",
          "ct": "瓮",
          "d": "variant of 甕|瓮[weng4]/earthen jar/urn",
          "i": 3873,
          "p": "weng4",
        },
        Object {
          "cs": "锢",
          "ct": "錮",
          "d": "obstinate disease/to restrain/to stop",
          "i": 3948,
          "p": "gu4",
        },
        Object {
          "cs": "蟀",
          "ct": "蟀",
          "d": "cricket",
          "i": 3792,
          "p": "shuai4",
        },
        Object {
          "cs": "箍",
          "ct": "箍",
          "d": "hoop/to bind with hoops",
          "i": 3764,
          "p": "gu1",
        },
        Object {
          "cs": "傀",
          "ct": "傀",
          "d": "grand/strange/exotic/puppet",
          "i": 3946,
          "p": "gui1/kui3",
        },
      ],
    },
    Object {
      "range": Array [
        3984,
        4233,
      ],
      "sample": Array [
        Object {
          "cs": "宕",
          "ct": "宕",
          "d": "dissipated/put off",
          "i": 4231,
          "p": "dang4",
        },
        Object {
          "cs": "芥",
          "ct": "芥",
          "d": "see 芥藍|芥蓝[gai4 lan2]/mustard",
          "i": 4002,
          "p": "gai4/jie4",
        },
        Object {
          "cs": "铿",
          "ct": "鏗",
          "d": "(onom.) clang/jingling of metals/to strike",
          "i": 4111,
          "p": "keng1",
        },
        Object {
          "cs": "甬",
          "ct": "甬",
          "d": "variant of 桶[tong3], bucket/(classifier) cubic dry measure (5 pecks 五斗, approx half-liter)/path screened by walls on both sides/the Yongjiang river 甬江[Yong3 jiang1] through Ningbo 寧波|宁波[Ning2 bo1]/abbr. for Ningbo",
          "i": 4038,
          "p": "tong3/yong3/Yong3",
        },
        Object {
          "cs": "淙",
          "ct": "淙",
          "d": "noise of water",
          "i": 4172,
          "p": "cong2",
        },
      ],
    },
    Object {
      "range": Array [
        4233,
        4482,
      ],
      "sample": Array [
        Object {
          "cs": "骁",
          "ct": "驍",
          "d": "brave/good horse/strong",
          "i": 4404,
          "p": "xiao1",
        },
        Object {
          "cs": "蚜",
          "ct": "蚜",
          "d": "aphis",
          "i": 4415,
          "p": "ya2",
        },
        Object {
          "cs": "芍",
          "ct": "芍",
          "d": "Chinese peony/Paeonia albiflora or lactiflora/see 芍陂[Que4 pi2]",
          "i": 4361,
          "p": "shao2/Que4",
        },
        Object {
          "cs": "缜",
          "ct": "縝",
          "d": "fine and dense",
          "i": 4383,
          "p": "zhen3",
        },
        Object {
          "cs": "俚",
          "ct": "俚",
          "d": "rustic/vulgar/unrefined/abbr. for 俚語|俚语[li3 yu3], slang/old name for the 黎[Li2] ethnic group",
          "i": 4358,
          "p": "li3/Li3",
        },
      ],
    },
    Object {
      "range": Array [
        4482,
        4731,
      ],
      "sample": Array [
        Object {
          "cs": "杈",
          "ct": "杈",
          "d": "fork of a tree/pitchfork/branches of a tree/fork of a tree",
          "i": 4529,
          "p": "cha1/cha4",
        },
        Object {
          "cs": "犷",
          "ct": "獷",
          "d": "rough/uncouth/boorish",
          "i": 4624,
          "p": "guang3",
        },
        Object {
          "cs": "艮",
          "ct": "艮",
          "d": "blunt/tough/chewy/one of the Eight Trigrams 八卦[ba1 gua4], symbolizing mountain/☶/ancient Chinese compass point: 45° (northeast)",
          "i": 4564,
          "p": "gen3/gen4",
        },
        Object {
          "cs": "讣",
          "ct": "訃",
          "d": "to report a bereavement/obituary",
          "i": 4666,
          "p": "fu4",
        },
        Object {
          "cs": "罄",
          "ct": "罄",
          "d": "to use up/to exhaust/empty",
          "i": 4542,
          "p": "qing4",
        },
      ],
    },
    Object {
      "range": Array [
        4731,
        4980,
      ],
      "sample": Array [
        Object {
          "cs": "湟",
          "ct": "湟",
          "d": "name of a river",
          "i": 4862,
          "p": "huang2",
        },
        Object {
          "cs": "菏",
          "ct": "菏",
          "d": "He river in Shandong",
          "i": 4926,
          "p": "He2",
        },
        Object {
          "cs": "峥",
          "ct": "崢",
          "d": "excel/lofty",
          "i": 4958,
          "p": "zheng1",
        },
        Object {
          "cs": "邛",
          "ct": "邛",
          "d": "mound/place name",
          "i": 4885,
          "p": "qiong2",
        },
        Object {
          "cs": "闶",
          "ct": "閌",
          "d": "in 閌閬|闶阆, open space in a structure",
          "i": 4797,
          "p": "kang1",
        },
      ],
    },
    Object {
      "range": Array [
        4980,
        5229,
      ],
      "sample": Array [
        Object {
          "cs": "聩",
          "ct": "聵",
          "d": "born deaf/deaf/obtuse",
          "i": 5209,
          "p": "kui4",
        },
        Object {
          "cs": "稔",
          "ct": "稔",
          "d": "ripe grain",
          "i": 5151,
          "p": "ren3",
        },
        Object {
          "cs": "咭",
          "ct": "咭",
          "d": "variant of 嘰|叽[ji1]",
          "i": 5107,
          "p": "ji1",
        },
        Object {
          "cs": "黍",
          "ct": "黍",
          "d": "broomcorn millet/glutinous millet",
          "i": 5081,
          "p": "shu3",
        },
        Object {
          "cs": "鬈",
          "ct": "鬈",
          "d": "to curl/curled",
          "i": 5094,
          "p": "quan2",
        },
      ],
    },
    Object {
      "range": Array [
        5229,
        5473,
      ],
      "sample": Array [
        Object {
          "cs": "膈",
          "ct": "膈",
          "d": "diaphragm (anatomy)",
          "i": 5398,
          "p": "ge2",
        },
        Object {
          "cs": "鼋",
          "ct": "黿",
          "d": "sea turtle",
          "i": 5232,
          "p": "yuan2",
        },
        Object {
          "cs": "纰",
          "ct": "紕",
          "d": "error/carelessness/spoiled silk",
          "i": 5277,
          "p": "pi1",
        },
        Object {
          "cs": "苤",
          "ct": "苤",
          "d": "Brassica campestris subsp. rapa",
          "i": 5404,
          "p": "pie3",
        },
        Object {
          "cs": "箧",
          "ct": "篋",
          "d": "chest/box/trunk/suitcase/portfolio",
          "i": 5474,
          "p": "qie4",
        },
      ],
    },
    Object {
      "range": Array [
        5478,
        5724,
      ],
      "sample": Array [
        Object {
          "cs": "煸",
          "ct": "煸",
          "d": "to stir-fry before broiling or stewing",
          "i": 5609,
          "p": "bian1",
        },
        Object {
          "cs": "悭",
          "ct": "慳",
          "d": "stingy",
          "i": 5480,
          "p": "qian1",
        },
        Object {
          "cs": "肄",
          "ct": "肄",
          "d": "to learn/to practice or study (old)",
          "i": 5563,
          "p": "yi4",
        },
        Object {
          "cs": "帑",
          "ct": "帑",
          "d": "state treasury/public funds",
          "i": 5546,
          "p": "tang3",
        },
        Object {
          "cs": "螬",
          "ct": "螬",
          "d": "larva of Mimela lucidula",
          "i": 5726,
          "p": "cao2",
        },
      ],
    },
    Object {
      "range": Array [
        5727,
        5966,
      ],
      "sample": Array [
        Object {
          "cs": "盱",
          "ct": "盱",
          "d": "anxious/stare/surname Xu",
          "i": 5897,
          "p": "xu1/Xu1",
        },
        Object {
          "cs": "呒",
          "ct": "嘸",
          "d": "perplexed/astonished/dialectal equivalent of 沒有|没有[mei2 you3]",
          "i": 5781,
          "p": "fu3/m2",
        },
        Object {
          "cs": "肭",
          "ct": "肭",
          "d": "see 膃肭|腽肭, fur seal or its blubber",
          "i": 5867,
          "p": "na4",
        },
        Object {
          "cs": "崤",
          "ct": "崤",
          "d": "name of a mountain in Henan/also pr. [Yao2]",
          "i": 5905,
          "p": "Xiao2",
        },
        Object {
          "cs": "癔",
          "ct": "癔",
          "d": "see 癔病[yi4 bing4]",
          "i": 5942,
          "p": "yi4",
        },
      ],
    },
    Object {
      "range": Array [
        5976,
        6214,
      ],
      "sample": Array [
        Object {
          "cs": "皲",
          "ct": "皸",
          "d": "to chap",
          "i": 6122,
          "p": "jun1",
        },
        Object {
          "cs": "桴",
          "ct": "桴",
          "d": "beam/rafter",
          "i": 6141,
          "p": "fu2",
        },
        Object {
          "cs": "蓍",
          "ct": "蓍",
          "d": "yarrow (Achillea millefolium)",
          "i": 6185,
          "p": "shi1",
        },
        Object {
          "cs": "蟥",
          "ct": "蟥",
          "d": "horse-leech",
          "i": 6026,
          "p": "huang2",
        },
        Object {
          "cs": "撄",
          "ct": "攖",
          "d": "oppose/to attack",
          "i": 6139,
          "p": "ying1",
        },
      ],
    },
    Object {
      "range": Array [
        6225,
        6462,
      ],
      "sample": Array [
        Object {
          "cs": "枘",
          "ct": "枘",
          "d": "tenon/tool handle/wedge",
          "i": 6312,
          "p": "rui4",
        },
        Object {
          "cs": "猁",
          "ct": "猁",
          "d": "a kind of monkey",
          "i": 6244,
          "p": "li4",
        },
        Object {
          "cs": "柰",
          "ct": "柰",
          "d": "crab-apple/how can one help",
          "i": 6394,
          "p": "nai4",
        },
        Object {
          "cs": "襞",
          "ct": "襞",
          "d": "creases/folds or pleats in a garment",
          "i": 6470,
          "p": "bi4",
        },
        Object {
          "cs": "栊",
          "ct": "櫳",
          "d": "bar/cage/gratings",
          "i": 6357,
          "p": "long2",
        },
      ],
    },
    Object {
      "range": Array [
        6474,
        6713,
      ],
      "sample": Array [
        Object {
          "cs": "鸡",
          "ct": "雞",
          "d": "fowl/chicken/CL:隻|只[zhi1]/(slang) prostitute",
          "i": 6662,
          "p": "ji1",
        },
        Object {
          "cs": "骢",
          "ct": "驄",
          "d": "buckskin horse",
          "i": 6675,
          "p": "cong1",
        },
        Object {
          "cs": "飞",
          "ct": "飛",
          "d": "to fly",
          "i": 6642,
          "p": "fei1",
        },
        Object {
          "cs": "骎",
          "ct": "駸",
          "d": "fleet horse",
          "i": 6593,
          "p": "qin1",
        },
        Object {
          "cs": "貅",
          "ct": "貅",
          "d": "see 貔貅[pi2 xiu1], composite mythical animal (originally 貅 was the female)",
          "i": 6673,
          "p": "xiu1",
        },
      ],
    },
    Object {
      "range": Array [
        6723,
        6942,
      ],
      "sample": Array [
        Object {
          "cs": "鴥",
          "ct": "鴥",
          "d": "(of a bird) to fly swiftly/to swoop",
          "i": 6868,
          "p": "yu4",
        },
        Object {
          "cs": "农",
          "ct": "農",
          "d": "peasant/to farm/agriculture/diligent (old)/government field official (old)/surname Nong",
          "i": 6919,
          "p": "nong2/Nong2",
        },
        Object {
          "cs": "迻",
          "ct": "迻",
          "d": "to shift/to transfer",
          "i": 6797,
          "p": "yi2",
        },
        Object {
          "cs": "轺",
          "ct": "軺",
          "d": "light carriage",
          "i": 6862,
          "p": "yao2",
        },
        Object {
          "cs": "埯",
          "ct": "埯",
          "d": "hole in the ground to plant seeds in/to make a hole for seeds/to dibble",
          "i": 6755,
          "p": "an3",
        },
      ],
    },
    Object {
      "range": Array [
        6972,
        7166,
      ],
      "sample": Array [
        Object {
          "cs": "閒",
          "ct": "閒",
          "d": "variant of 間|间[jian1]/variant of 間|间[jian4]/variant of 閑|闲, idle/unoccupied/leisure/free time",
          "i": 7043,
          "p": "jian1/jian4/xian2",
        },
        Object {
          "cs": "翘",
          "ct": "翹",
          "d": "outstanding/to raise/to stick up/to rise on one end/to tilt",
          "i": 7007,
          "p": "qiao2/qiao4",
        },
        Object {
          "cs": "茼",
          "ct": "茼",
          "d": "Chrysanthemum coronarium",
          "i": 7098,
          "p": "tong2",
        },
        Object {
          "cs": "鱼",
          "ct": "魚",
          "d": "fish/CL:條|条[tiao2],尾[wei3]/surname Yu",
          "i": 7214,
          "p": "yu2/Yu2",
        },
        Object {
          "cs": "鱵",
          "ct": "鱵",
          "d": "Hyporhampus sajuri",
          "i": 7119,
          "p": "zhen1",
        },
      ],
    },
    Object {
      "range": Array [
        7221,
        7409,
      ],
      "sample": Array [
        Object {
          "cs": "臑",
          "ct": "臑",
          "d": "biceps (in Chinese medicine)/(arch.) forelimbs of livestock animal",
          "i": 7348,
          "p": "nao4",
        },
        Object {
          "cs": "仳",
          "ct": "仳",
          "d": "to part",
          "i": 7350,
          "p": "pi3",
        },
        Object {
          "cs": "钢",
          "ct": "鋼",
          "d": "steel",
          "i": 7394,
          "p": "gang1",
        },
        Object {
          "cs": "𬺈",
          "ct": "齮",
          "d": "to bite/surname Yi",
          "i": 7453,
          "p": "yi3/Yi3",
        },
        Object {
          "cs": "剞",
          "ct": "剞",
          "d": "curved wood graver",
          "i": 7417,
          "p": "ji1",
        },
      ],
    },
    Object {
      "range": Array [
        7470,
        7659,
      ],
      "sample": Array [
        Object {
          "cs": "肃",
          "ct": "肅",
          "d": "respectful/solemn/to eliminate/to clean up/surname Su",
          "i": 7538,
          "p": "su4/Su4",
        },
        Object {
          "cs": "诉",
          "ct": "訴",
          "d": "to complain/to sue/to tell",
          "i": 7511,
          "p": "su4",
        },
        Object {
          "cs": "腽",
          "ct": "膃",
          "d": "blubber (animal fat)",
          "i": 7694,
          "p": "wa4",
        },
        Object {
          "cs": "御",
          "ct": "禦",
          "d": "to defend/to resist",
          "i": 7495,
          "p": "yu4",
        },
        Object {
          "cs": "螣",
          "ct": "螣",
          "d": "flying dragon",
          "i": 7653,
          "p": "teng2",
        },
      ],
    },
    Object {
      "range": Array [
        7719,
        7898,
      ],
      "sample": Array [
        Object {
          "cs": "臐",
          "ct": "臐",
          "d": "lamb soup",
          "i": 7722,
          "p": "xun1",
        },
        Object {
          "cs": "磥",
          "ct": "磥",
          "d": "a heap of stones/boulders",
          "i": 7813,
          "p": "lei3",
        },
        Object {
          "cs": "镦",
          "ct": "鐓",
          "d": "upsetting (forged pieces)",
          "i": 7920,
          "p": "dun1",
        },
        Object {
          "cs": "苎",
          "ct": "苧",
          "d": "Boehmeria nivea/Chinese grass",
          "i": 7800,
          "p": "zhu4",
        },
        Object {
          "cs": "毳",
          "ct": "毳",
          "d": "crisp/brittle/fine animal hair",
          "i": 7796,
          "p": "cui4",
        },
      ],
    },
    Object {
      "range": Array [
        7968,
        8134,
      ],
      "sample": Array [
        Object {
          "cs": "咏",
          "ct": "詠",
          "d": "to sing",
          "i": 8054,
          "p": "yong3",
        },
        Object {
          "cs": "諆",
          "ct": "諆",
          "d": "to deceive/to contrive",
          "i": 8056,
          "p": "qi1",
        },
        Object {
          "cs": "鹫",
          "ct": "鷲",
          "d": "vulture",
          "i": 8003,
          "p": "jiu4",
        },
        Object {
          "cs": "乃",
          "ct": "迺",
          "d": "variant of 乃[nai3]",
          "i": 7986,
          "p": "nai3",
        },
        Object {
          "cs": "褵",
          "ct": "褵",
          "d": "bride's veil or kerchief",
          "i": 7979,
          "p": "li2",
        },
      ],
    },
    Object {
      "range": Array [
        8217,
        8362,
      ],
      "sample": Array [
        Object {
          "cs": "圊",
          "ct": "圊",
          "d": "restroom/latrine",
          "i": 8424,
          "p": "qing1",
        },
        Object {
          "cs": "讼",
          "ct": "訟",
          "d": "litigation",
          "i": 8397,
          "p": "song4",
        },
        Object {
          "cs": "苲",
          "ct": "苲",
          "d": "see 苲草[zha3 cao3]",
          "i": 8271,
          "p": "zha3",
        },
        Object {
          "cs": "臞",
          "ct": "臞",
          "d": "variant of 癯[qu2]",
          "i": 8463,
          "p": "qu2",
        },
        Object {
          "cs": "蜕",
          "ct": "蛻",
          "d": "skin cast off during molting/exuvia/to pupate/to molt/to slough/to cast off an old skin or shell",
          "i": 8343,
          "p": "tui4",
        },
      ],
    },
    Object {
      "range": Array [
        8466,
        8630,
      ],
      "sample": Array [
        Object {
          "cs": "缭",
          "ct": "繚",
          "d": "to wind round/to sew with slanting stitches",
          "i": 8616,
          "p": "liao2",
        },
        Object {
          "cs": "核",
          "ct": "覈",
          "d": "variant of 核[he2]/to investigate",
          "i": 8478,
          "p": "he2",
        },
        Object {
          "cs": "磭",
          "ct": "磭",
          "d": "big lip",
          "i": 8525,
          "p": "chuo4",
        },
        Object {
          "cs": "蛎",
          "ct": "蠣",
          "d": "oyster",
          "i": 8647,
          "p": "li4",
        },
        Object {
          "cs": "铈",
          "ct": "鈰",
          "d": "cerium (chemistry)",
          "i": 8546,
          "p": "shi4",
        },
      ],
    },
    Object {
      "range": Array [
        8715,
        8843,
      ],
      "sample": Array [
        Object {
          "cs": "釱",
          "ct": "釱",
          "d": "fetters/to fetter",
          "i": 8763,
          "p": "di4",
        },
        Object {
          "cs": "龈",
          "ct": "齦",
          "d": "variant of 啃[ken3]/gums (of the teeth)",
          "i": 8748,
          "p": "ken3/yin2",
        },
        Object {
          "cs": "肴",
          "ct": "餚",
          "d": "variant of 肴[yao2]",
          "i": 8821,
          "p": "yao2",
        },
        Object {
          "cs": "鰫",
          "ct": "鰫",
          "d": "bighead carp",
          "i": 8734,
          "p": "yong2",
        },
        Object {
          "cs": "鸴",
          "ct": "鷽",
          "d": "various species of finch (old)",
          "i": 8811,
          "p": "xue2",
        },
      ],
    },
    Object {
      "range": Array [
        8964,
        9111,
      ],
      "sample": Array [
        Object {
          "cs": "薠",
          "ct": "薠",
          "d": "plant similar to coco-grass 莎草[suo1 cao3] (classical)",
          "i": 9123,
          "p": "fan2",
        },
        Object {
          "cs": "簠",
          "ct": "簠",
          "d": "basket used in state worship",
          "i": 9082,
          "p": "fu3",
        },
        Object {
          "cs": "鹢",
          "ct": "鷁",
          "d": "a kind of aquatic bird",
          "i": 9201,
          "p": "yi4",
        },
        Object {
          "cs": "鬙",
          "ct": "鬙",
          "d": "short hair/unkempt",
          "i": 9190,
          "p": "seng1",
        },
        Object {
          "cs": "鹯",
          "ct": "鸇",
          "d": "sparrow hawk/swift",
          "i": 9203,
          "p": "zhan1",
        },
      ],
    },
    Object {
      "range": Array [
        9213,
        9333,
      ],
      "sample": Array [
        Object {
          "cs": "齰",
          "ct": "齰",
          "d": "to bite",
          "i": 9352,
          "p": "ze2",
        },
        Object {
          "cs": "砫",
          "ct": "砫",
          "d": "ancestral tablet",
          "i": 9388,
          "p": "zhu3",
        },
        Object {
          "cs": "缉",
          "ct": "緝",
          "d": "to seize/to arrest/Taiwan pr. [qi4]/to stitch finely",
          "i": 9456,
          "p": "ji1/qi1",
        },
        Object {
          "cs": "谥",
          "ct": "謚",
          "d": "variant of 諡|谥[shi4]/smiling face",
          "i": 9278,
          "p": "shi4/yi4",
        },
        Object {
          "cs": "髅",
          "ct": "髏",
          "d": "skull",
          "i": 9384,
          "p": "lou2",
        },
      ],
    },
    Object {
      "range": Array [
        9462,
        9598,
      ],
      "sample": Array [
        Object {
          "cs": "鲡",
          "ct": "鱺",
          "d": "eel",
          "i": 9683,
          "p": "li2",
        },
        Object {
          "cs": "舱",
          "ct": "艙",
          "d": "cabin/the hold of a ship or airplane",
          "i": 9483,
          "p": "cang1",
        },
        Object {
          "cs": "贽",
          "ct": "贄",
          "d": "gifts to superiors",
          "i": 9567,
          "p": "zhi4",
        },
        Object {
          "cs": "鴽",
          "ct": "鴽",
          "d": "quail-like bird",
          "i": 9692,
          "p": "ru2",
        },
        Object {
          "cs": "衔",
          "ct": "銜",
          "d": "bit (of a bridle)/to hold in the mouth/to harbor (feelings)/to link/to accept/rank/title",
          "i": 9599,
          "p": "xian2",
        },
      ],
    },
    Object {
      "range": Array [
        9711,
        9837,
      ],
      "sample": Array [
        Object {
          "cs": "荙",
          "ct": "薘",
          "d": "plantago major",
          "i": 9900,
          "p": "da2",
        },
        Object {
          "cs": "鹭",
          "ct": "鷺",
          "d": "heron",
          "i": 9854,
          "p": "lu4",
        },
        Object {
          "cs": "阍",
          "ct": "閽",
          "d": "doorkeeper",
          "i": 9737,
          "p": "hun1",
        },
        Object {
          "cs": "蒪",
          "ct": "蒪",
          "d": "myoga ginger (Zingiber mioga)",
          "i": 9839,
          "p": "po4",
        },
        Object {
          "cs": "颏",
          "ct": "頦",
          "d": "chin/(used in bird names) throat",
          "i": 9917,
          "p": "ke1/ke2",
        },
      ],
    },
  ],
  "samplesPerBin": 5,
  "seed": 99999,
  "totalCharacters": 9933,
}
`;
