// Jest Snapshot v1, https://goo.gl/fbAQLP

exports[`submitTest calculates curve points 1`] = `
Array [
  Array [
    0,
    107.3692512060138,
  ],
  Array [
    250,
    85.86481560983094,
  ],
  Array [
    500,
    63.28538715426205,
  ],
  Array [
    750,
    41.71948555848205,
  ],
  Array [
    1000,
    23.161882781985035,
  ],
  Array [
    1250,
    9.329093457353348,
  ],
  Array [
    1500,
    1.5006031717680246,
  ],
  Array [
    1750,
    0,
  ],
  Array [
    2000,
    0,
  ],
  Array [
    2250,
    0,
  ],
  Array [
    2500,
    0,
  ],
]
`;

exports[`submitTest known character range estimate 1`] = `
Object {
  "knownEstimate": 700,
  "knownEstimateUncertainty": 50,
}
`;
