// Jest Snapshot v1, https://goo.gl/fbAQLP

exports[`AddToSkritter renders with defaults 1`] = `
<div
  className="container"
>
  <div
    className="modal"
  >
    <div>
      Add all characters to Skritter
    </div>
    <button
      className="button button"
      disabled={false}
      onClick={[Function]}
    >
      Add
    </button>
  </div>
</div>
`;
